------------------------------------------------------------
TimeQuest Timing Analyzer Summary
------------------------------------------------------------

Type  : Slow 1100mV 85C Model Setup 'exp4_lx:u1|exp4_lx_clock:exp4_clk|temp'
Slack : -74.131
TNS   : -3656.818

Type  : Slow 1100mV 85C Model Setup 'clk'
Slack : -31.742
TNS   : -66181.337

Type  : Slow 1100mV 85C Model Setup 'swro[0]'
Slack : -17.177
TNS   : -93.512

Type  : Slow 1100mV 85C Model Hold 'swro[0]'
Slack : -12.182
TNS   : -192.677

Type  : Slow 1100mV 85C Model Hold 'clk'
Slack : -1.389
TNS   : -13.112

Type  : Slow 1100mV 85C Model Hold 'exp4_lx:u1|exp4_lx_clock:exp4_clk|temp'
Slack : 0.099
TNS   : 0.000

Type  : Slow 1100mV 85C Model Recovery 'clk'
Slack : -6.122
TNS   : -12533.107

Type  : Slow 1100mV 85C Model Removal 'clk'
Slack : -0.922
TNS   : -1801.740

Type  : Slow 1100mV 85C Model Minimum Pulse Width 'swro[0]'
Slack : -8.775
TNS   : -899.869

Type  : Slow 1100mV 85C Model Minimum Pulse Width 'exp4_lx:u1|exp4_lx_clock:exp4_clk|temp'
Slack : -0.809
TNS   : -23.637

Type  : Slow 1100mV 85C Model Minimum Pulse Width 'clk'
Slack : -0.724
TNS   : -2503.599

Type  : Slow 1100mV 0C Model Setup 'exp4_lx:u1|exp4_lx_clock:exp4_clk|temp'
Slack : -75.995
TNS   : -3710.174

Type  : Slow 1100mV 0C Model Setup 'clk'
Slack : -31.570
TNS   : -65066.273

Type  : Slow 1100mV 0C Model Setup 'swro[0]'
Slack : -17.282
TNS   : -94.216

Type  : Slow 1100mV 0C Model Hold 'swro[0]'
Slack : -11.893
TNS   : -189.004

Type  : Slow 1100mV 0C Model Hold 'clk'
Slack : -1.474
TNS   : -13.505

Type  : Slow 1100mV 0C Model Hold 'exp4_lx:u1|exp4_lx_clock:exp4_clk|temp'
Slack : 0.049
TNS   : 0.000

Type  : Slow 1100mV 0C Model Recovery 'clk'
Slack : -6.107
TNS   : -12500.761

Type  : Slow 1100mV 0C Model Removal 'clk'
Slack : -1.023
TNS   : -1990.259

Type  : Slow 1100mV 0C Model Minimum Pulse Width 'swro[0]'
Slack : -8.970
TNS   : -902.743

Type  : Slow 1100mV 0C Model Minimum Pulse Width 'exp4_lx:u1|exp4_lx_clock:exp4_clk|temp'
Slack : -0.944
TNS   : -35.742

Type  : Slow 1100mV 0C Model Minimum Pulse Width 'clk'
Slack : -0.724
TNS   : -2536.070

Type  : Fast 1100mV 85C Model Setup 'exp4_lx:u1|exp4_lx_clock:exp4_clk|temp'
Slack : -28.063
TNS   : -1220.320

Type  : Fast 1100mV 85C Model Setup 'clk'
Slack : -14.935
TNS   : -31152.202

Type  : Fast 1100mV 85C Model Setup 'swro[0]'
Slack : -6.906
TNS   : -36.260

Type  : Fast 1100mV 85C Model Hold 'swro[0]'
Slack : -5.432
TNS   : -80.956

Type  : Fast 1100mV 85C Model Hold 'clk'
Slack : -1.025
TNS   : -10.337

Type  : Fast 1100mV 85C Model Hold 'exp4_lx:u1|exp4_lx_clock:exp4_clk|temp'
Slack : 0.006
TNS   : 0.000

Type  : Fast 1100mV 85C Model Recovery 'clk'
Slack : -2.178
TNS   : -4459.875

Type  : Fast 1100mV 85C Model Removal 'clk'
Slack : -0.572
TNS   : -1117.128

Type  : Fast 1100mV 85C Model Minimum Pulse Width 'swro[0]'
Slack : -4.606
TNS   : -356.018

Type  : Fast 1100mV 85C Model Minimum Pulse Width 'exp4_lx:u1|exp4_lx_clock:exp4_clk|temp'
Slack : -0.673
TNS   : -5.896

Type  : Fast 1100mV 85C Model Minimum Pulse Width 'clk'
Slack : -0.520
TNS   : -211.571

Type  : Fast 1100mV 0C Model Setup 'exp4_lx:u1|exp4_lx_clock:exp4_clk|temp'
Slack : -25.729
TNS   : -1051.735

Type  : Fast 1100mV 0C Model Setup 'clk'
Slack : -13.348
TNS   : -27857.140

Type  : Fast 1100mV 0C Model Setup 'swro[0]'
Slack : -6.161
TNS   : -32.669

Type  : Fast 1100mV 0C Model Hold 'swro[0]'
Slack : -4.900
TNS   : -72.842

Type  : Fast 1100mV 0C Model Hold 'clk'
Slack : -0.979
TNS   : -19.765

Type  : Fast 1100mV 0C Model Hold 'exp4_lx:u1|exp4_lx_clock:exp4_clk|temp'
Slack : 0.040
TNS   : 0.000

Type  : Fast 1100mV 0C Model Recovery 'clk'
Slack : -2.090
TNS   : -4275.314

Type  : Fast 1100mV 0C Model Removal 'clk'
Slack : -0.583
TNS   : -1144.376

Type  : Fast 1100mV 0C Model Minimum Pulse Width 'swro[0]'
Slack : -4.129
TNS   : -321.071

Type  : Fast 1100mV 0C Model Minimum Pulse Width 'clk'
Slack : -0.515
TNS   : -213.348

Type  : Fast 1100mV 0C Model Minimum Pulse Width 'exp4_lx:u1|exp4_lx_clock:exp4_clk|temp'
Slack : -0.484
TNS   : -3.865

------------------------------------------------------------
